PS C:\Users\ju7ar\OneDrive\Desktop\test> echo "Hello, world!" >>  hello_world.txt
PS C:\Users\ju7ar\OneDrive\Desktop\test> ls 


    ディレクトリ: C:\Users\ju7ar\OneDrive\Desktop\test


Mode                 LastWriteTime         Length Name
----                 -------------         ------ ----
dar--l        2025/06/07      3:24                git_challenge
-a---l        2025/06/07      3:25             32 hello_world.txt


PS C:\Users\ju7ar\OneDrive\Desktop\test> cd git_challenge
PS C:\Users\ju7ar\OneDrive\Desktop\test\git_challenge> 
PS C:\Users\ju7ar\OneDrive\Desktop\test\git_challenge> ls
PS C:\Users\ju7ar\OneDrive\Desktop\test\git_challenge> git init
Initialized empty Git repository in C:/Users/ju7ar/OneDrive/Desktop/test/git_challenge/.git/
PS C:\Users\ju7ar\OneDrive\Desktop\test\git_challenge> git add .
PS C:\Users\ju7ar\OneDrive\Desktop\test\git_challenge> git commit
On branch main

Initial commit

nothing to commit (create/copy files and use "git add" to track)
PS C:\Users\ju7ar\OneDrive\Desktop\test\git_challenge> ls
PS C:\Users\ju7ar\OneDrive\Desktop\test\git_challenge> git add .
PS C:\Users\ju7ar\OneDrive\Desktop\test\git_challenge> git commit -m "add"
[main (root-commit) 1379fdf] add
 1 file changed, 0 insertions(+), 0 deletions(-)
 create mode 100644 hello_world.txt
PS C:\Users\ju7ar\OneDrive\Desktop\test\git_challenge> 
PS C:\Users\ju7ar\OneDrive\Desktop\test\git_challenge> git add . 
PS C:\Users\ju7ar\OneDrive\Desktop\test\git_challenge> git commit -m "add"
[main 3ffe2f9] add
 1 file changed, 0 insertions(+), 0 deletions(-)